Job 1
Job 2
Job 3
Job 4
Job 5
Job 6
Job 7
Job 8
Job 9
Job 10
Job 11
Job 12
Job 13
Job 14
Job 15
Job 16
Job 17
Job 18
Job 19
Job 20
Job 21
Job 22
Job 23
Job 24
Job 25
Job 26
Job 27
Job 28
Job 29
Job 30
Job 31
Job 32
Job 33
Job 34
Job 35
Job 36
Job 37
Job 38
Job 39
Job 40
Job 41
Job 42
Job 43
Job 44
Job 45
Job 46
Job 47
Job 48
Job 49
Job 50
Job 51
Job 52
Job 53
Job 54
Job 55
Job 56
Job 57
Job 58
Job 59
Job 60
Job 61
Job 62
Job 63
Job 64
Job 65
Job 66
Job 67
Job 68
Job 69
Job 70
Job 71
Job 72
Job 73
Job 74
Job 75
Job 76
Job 77
Job 78
Job 79
Job 80
Job 81
Job 82
Job 83
Job 84
Job 85
Job 86
Job 87
Job 88
Job 89
Job 90
Job 91
Job 92
Job 93
Job 94
Job 95
Job 96
Job 97
Job 98
Job 99
Job 100
